Tue Sep 15 05:06:28 UTC 2026 - TBH update
Wed Sep 16 05:02:14 UTC 2026 - TBH update
Thu Sep 17 05:04:45 UTC 2026 - TBH update
Fri Sep 18 04:56:58 UTC 2026 - TBH update
Sat Sep 19 04:50:03 UTC 2026 - TBH update
Sun Sep 20 05:07:06 UTC 2026 - TBH update
Mon Sep 21 05:12:50 UTC 2026 - TBH update
Tue Sep 22 05:13:13 UTC 2026 - TBH update
Wed Sep 23 04:57:22 UTC 2026 - TBH update
Thu Sep 24 05:07:42 UTC 2026 - TBH update
Fri Sep 25 05:09:37 UTC 2026 - TBH update
Sat Sep 26 05:15:53 UTC 2026 - TBH update
Sun Sep 27 05:30:01 UTC 2026 - TBH update
Mon Sep 28 05:40:10 UTC 2026 - TBH update
Tue Sep 29 05:57:29 UTC 2026 - TBH update
Wed Sep 30 05:47:07 UTC 2026 - TBH update
Thu Oct  1 06:16:29 UTC 2026 - TBH update
Fri Oct  2 05:57:39 UTC 2026 - TBH update
Sat Oct  3 05:32:18 UTC 2026 - TBH update
Sun Oct  4 06:07:44 UTC 2026 - TBH update
Mon Oct  5 06:00:08 UTC 2026 - TBH update
Tue Oct  6 06:38:22 UTC 2026 - TBH update
Wed Oct  7 06:15:24 UTC 2026 - TBH update
